Catalog : /home/aishwarya/3bp/experiments/orbit_verification/00_catalogs/hristov_2024_sol_80.txt
HP JSON : /home/aishwarya/3bp/experiments/orbit_verification/06_high_precision/hp_heyoka_newton_results.json
Out dir : /home/aishwarya/3bp/experiments/orbit_verification/08_hristov_2024_sweep
n_steps=10000, tol_midpoint=0.001, workers=12
  Orbit A: v1=+0.189004891951, v2=-0.539762452801, T=19.735391893012
  Orbit B: v1=-0.203491687451, v2=+0.518112860741, T=32.849071167140
Loaded 24582 catalog rows.
[SWEEP] START: 24582 entries, 12 workers, batch size 170
[SWEEP] 170/24582 (0.7%) - elapsed 26.0s - ETA 3727.4s - strong: A=0 B=0 weak: A=0 B=0
[SWEEP] 340/24582 (1.4%) - elapsed 26.0s - ETA 1854.2s - strong: A=0 B=0 weak: A=0 B=0
[SWEEP] 510/24582 (2.1%) - elapsed 26.0s - ETA 1227.7s - strong: A=0 B=0 weak: A=0 B=0
[SWEEP] 680/24582 (2.8%) - elapsed 26.0s - ETA 914.3s - strong: A=0 B=0 weak: A=0 B=0
[SWEEP] 850/24582 (3.5%) - elapsed 26.1s - ETA 727.7s - strong: A=0 B=0 weak: A=0 B=0
[SWEEP] 1020/24582 (4.1%) - elapsed 26.1s - ETA 602.3s - strong: A=0 B=0 weak: A=0 B=0
[SWEEP] 1190/24582 (4.8%) - elapsed 26.1s - ETA 512.7s - strong: A=0 B=0 weak: A=0 B=0
[SWEEP] 1360/24582 (5.5%) - elapsed 26.1s - ETA 445.3s - strong: A=0 B=0 weak: A=0 B=0
[SWEEP] 1530/24582 (6.2%) - elapsed 26.1s - ETA 393.0s - strong: A=0 B=0 weak: A=0 B=0
[SWEEP] 1700/24582 (6.9%) - elapsed 26.1s - ETA 351.1s - strong: A=0 B=0 weak: A=0 B=0
[SWEEP] 1870/24582 (7.6%) - elapsed 26.1s - ETA 317.0s - strong: A=0 B=0 weak: A=0 B=0
[SWEEP] 2040/24582 (8.3%) - elapsed 26.2s - ETA 289.3s - strong: A=0 B=0 weak: A=0 B=0
[SWEEP] 2210/24582 (9.0%) - elapsed 51.9s - ETA 525.6s - strong: A=0 B=0 weak: A=0 B=0
[SWEEP] 2380/24582 (9.7%) - elapsed 52.0s - ETA 484.9s - strong: A=0 B=0 weak: A=0 B=0
[SWEEP] 2550/24582 (10.4%) - elapsed 52.0s - ETA 449.7s - strong: A=0 B=0 weak: A=0 B=0
[SWEEP] 2720/24582 (11.1%) - elapsed 52.0s - ETA 418.3s - strong: A=0 B=0 weak: A=0 B=0
[SWEEP] 2890/24582 (11.8%) - elapsed 52.1s - ETA 391.0s - strong: A=0 B=0 weak: A=0 B=0
[SWEEP] 3060/24582 (12.4%) - elapsed 52.1s - ETA 366.8s - strong: A=0 B=0 weak: A=0 B=0
[SWEEP] 3230/24582 (13.1%) - elapsed 52.2s - ETA 344.8s - strong: A=0 B=0 weak: A=0 B=0
[SWEEP] 3400/24582 (13.8%) - elapsed 52.2s - ETA 325.2s - strong: A=0 B=0 weak: A=0 B=0
[SWEEP] 3570/24582 (14.5%) - elapsed 52.2s - ETA 307.2s - strong: A=0 B=0 weak: A=0 B=0
[SWEEP] 3740/24582 (15.2%) - elapsed 52.2s - ETA 291.0s - strong: A=0 B=0 weak: A=0 B=0
[SWEEP] 3910/24582 (15.9%) - elapsed 52.3s - ETA 276.4s - strong: A=0 B=0 weak: A=0 B=0
[SWEEP] 4080/24582 (16.6%) - elapsed 52.4s - ETA 263.5s - strong: A=0 B=0 weak: A=0 B=0
[SWEEP] 4250/24582 (17.3%) - elapsed 77.9s - ETA 372.8s - strong: A=0 B=0 weak: A=0 B=0
[SWEEP] 4420/24582 (18.0%) - elapsed 78.0s - ETA 355.6s - strong: A=0 B=0 weak: A=0 B=0
[SWEEP] 4590/24582 (18.7%) - elapsed 78.1s - ETA 340.2s - strong: A=0 B=0 weak: A=0 B=0
[SWEEP] 4760/24582 (19.4%) - elapsed 78.1s - ETA 325.3s - strong: A=0 B=0 weak: A=0 B=0
[SWEEP] 4930/24582 (20.1%) - elapsed 78.1s - ETA 311.4s - strong: A=0 B=0 weak: A=0 B=0
[SWEEP] 5100/24582 (20.7%) - elapsed 78.2s - ETA 298.7s - strong: A=0 B=0 weak: A=0 B=0
[SWEEP] 5270/24582 (21.4%) - elapsed 78.2s - ETA 286.7s - strong: A=0 B=0 weak: A=0 B=0
[SWEEP] 5440/24582 (22.1%) - elapsed 78.3s - ETA 275.4s - strong: A=0 B=0 weak: A=0 B=0
[SWEEP] 5610/24582 (22.8%) - elapsed 78.3s - ETA 264.9s - strong: A=0 B=0 weak: A=0 B=0
[SWEEP] 5780/24582 (23.5%) - elapsed 78.3s - ETA 254.8s - strong: A=0 B=0 weak: A=0 B=0
[SWEEP] 5950/24582 (24.2%) - elapsed 78.5s - ETA 245.9s - strong: A=0 B=0 weak: A=0 B=0
[SWEEP] 6120/24582 (24.9%) - elapsed 78.7s - ETA 237.5s - strong: A=0 B=0 weak: A=0 B=0
[SWEEP] 6290/24582 (25.6%) - elapsed 103.9s - ETA 302.3s - strong: A=0 B=0 weak: A=0 B=0
[SWEEP] 6460/24582 (26.3%) - elapsed 103.9s - ETA 291.6s - strong: A=0 B=0 weak: A=0 B=0
[SWEEP] 6630/24582 (27.0%) - elapsed 104.1s - ETA 281.9s - strong: A=0 B=0 weak: A=0 B=0
[SWEEP] 6800/24582 (27.7%) - elapsed 104.1s - ETA 272.3s - strong: A=0 B=0 weak: A=0 B=0
[SWEEP] 6970/24582 (28.4%) - elapsed 104.2s - ETA 263.3s - strong: A=0 B=0 weak: A=0 B=0
[SWEEP] 7140/24582 (29.0%) - elapsed 104.2s - ETA 254.6s - strong: A=0 B=0 weak: A=0 B=0
[SWEEP] 7310/24582 (29.7%) - elapsed 104.4s - ETA 246.6s - strong: A=0 B=0 weak: A=0 B=0
[SWEEP] 7480/24582 (30.4%) - elapsed 104.4s - ETA 238.7s - strong: A=0 B=0 weak: A=0 B=0
[SWEEP] 7650/24582 (31.1%) - elapsed 104.4s - ETA 231.2s - strong: A=0 B=0 weak: A=0 B=0
[SWEEP] 7820/24582 (31.8%) - elapsed 104.5s - ETA 223.9s - strong: A=0 B=0 weak: A=0 B=0
[SWEEP] 7990/24582 (32.5%) - elapsed 104.6s - ETA 217.3s - strong: A=0 B=0 weak: A=0 B=0
[SWEEP] 8160/24582 (33.2%) - elapsed 104.9s - ETA 211.0s - strong: A=0 B=0 weak: A=0 B=0
[SWEEP] 8330/24582 (33.9%) - elapsed 130.0s - ETA 253.5s - strong: A=0 B=0 weak: A=0 B=0
[SWEEP] 8500/24582 (34.6%) - elapsed 130.0s - ETA 246.0s - strong: A=0 B=0 weak: A=0 B=0
[SWEEP] 8670/24582 (35.3%) - elapsed 130.1s - ETA 238.8s - strong: A=0 B=0 weak: A=0 B=0
[SWEEP] 8840/24582 (36.0%) - elapsed 130.2s - ETA 231.8s - strong: A=0 B=0 weak: A=0 B=0
[SWEEP] 9010/24582 (36.7%) - elapsed 130.2s - ETA 225.0s - strong: A=0 B=0 weak: A=0 B=0
[SWEEP] 9180/24582 (37.3%) - elapsed 130.3s - ETA 218.7s - strong: A=0 B=0 weak: A=0 B=0
[SWEEP] 9350/24582 (38.0%) - elapsed 130.5s - ETA 212.5s - strong: A=0 B=0 weak: A=0 B=0
[SWEEP] 9520/24582 (38.7%) - elapsed 130.5s - ETA 206.5s - strong: A=0 B=0 weak: A=0 B=0
[SWEEP] 9690/24582 (39.4%) - elapsed 130.5s - ETA 200.6s - strong: A=0 B=0 weak: A=0 B=0
[SWEEP] 9860/24582 (40.1%) - elapsed 130.6s - ETA 194.9s - strong: A=0 B=0 weak: A=0 B=0
[SWEEP] 10030/24582 (40.8%) - elapsed 130.7s - ETA 189.6s - strong: A=0 B=0 weak: A=0 B=0
[SWEEP] 10200/24582 (41.5%) - elapsed 131.0s - ETA 184.6s - strong: A=0 B=0 weak: A=0 B=0
[SWEEP] 10370/24582 (42.2%) - elapsed 156.0s - ETA 213.8s - strong: A=0 B=0 weak: A=0 B=0
[SWEEP] 10540/24582 (42.9%) - elapsed 156.0s - ETA 207.9s - strong: A=0 B=0 weak: A=0 B=0
[SWEEP] 10710/24582 (43.6%) - elapsed 156.1s - ETA 202.2s - strong: A=0 B=0 weak: A=0 B=0
[SWEEP] 10880/24582 (44.3%) - elapsed 156.2s - ETA 196.7s - strong: A=0 B=0 weak: A=0 B=0
[SWEEP] 11050/24582 (45.0%) - elapsed 156.2s - ETA 191.3s - strong: A=0 B=0 weak: A=0 B=0
[SWEEP] 11220/24582 (45.6%) - elapsed 156.3s - ETA 186.2s - strong: A=0 B=0 weak: A=0 B=0
[SWEEP] 11390/24582 (46.3%) - elapsed 156.5s - ETA 181.3s - strong: A=0 B=0 weak: A=0 B=0
[SWEEP] 11560/24582 (47.0%) - elapsed 156.5s - ETA 176.3s - strong: A=0 B=0 weak: A=0 B=0
[SWEEP] 11730/24582 (47.7%) - elapsed 156.6s - ETA 171.6s - strong: A=0 B=0 weak: A=0 B=0
[SWEEP] 11900/24582 (48.4%) - elapsed 156.7s - ETA 166.9s - strong: A=0 B=0 weak: A=0 B=0
[SWEEP] 12070/24582 (49.1%) - elapsed 156.8s - ETA 162.5s - strong: A=0 B=0 weak: A=0 B=0
[SWEEP] 12240/24582 (49.8%) - elapsed 157.0s - ETA 158.3s - strong: A=0 B=0 weak: A=0 B=0
[SWEEP] 12410/24582 (50.5%) - elapsed 182.0s - ETA 178.5s - strong: A=0 B=0 weak: A=0 B=0
[SWEEP] 12580/24582 (51.2%) - elapsed 182.1s - ETA 173.7s - strong: A=0 B=0 weak: A=0 B=0
[SWEEP] 12750/24582 (51.9%) - elapsed 182.1s - ETA 169.0s - strong: A=0 B=0 weak: A=0 B=0
[SWEEP] 12920/24582 (52.6%) - elapsed 182.2s - ETA 164.4s - strong: A=0 B=0 weak: A=0 B=0
[SWEEP] 13090/24582 (53.3%) - elapsed 182.2s - ETA 160.0s - strong: A=0 B=0 weak: A=0 B=0
[SWEEP] 13260/24582 (53.9%) - elapsed 182.3s - ETA 155.7s - strong: A=0 B=0 weak: A=0 B=0
[SWEEP] 13430/24582 (54.6%) - elapsed 182.6s - ETA 151.6s - strong: A=0 B=0 weak: A=0 B=0
[SWEEP] 13600/24582 (55.3%) - elapsed 182.6s - ETA 147.5s - strong: A=0 B=0 weak: A=0 B=0
[SWEEP] 13770/24582 (56.0%) - elapsed 182.7s - ETA 143.4s - strong: A=0 B=0 weak: A=0 B=0
[SWEEP] 13940/24582 (56.7%) - elapsed 182.7s - ETA 139.5s - strong: A=0 B=0 weak: A=0 B=0
[SWEEP] 14110/24582 (57.4%) - elapsed 182.8s - ETA 135.7s - strong: A=0 B=0 weak: A=0 B=0
[SWEEP] 14280/24582 (58.1%) - elapsed 183.0s - ETA 132.0s - strong: A=0 B=0 weak: A=0 B=0
[SWEEP] 14450/24582 (58.8%) - elapsed 207.9s - ETA 145.8s - strong: A=0 B=0 weak: A=0 B=0
[SWEEP] 14620/24582 (59.5%) - elapsed 208.1s - ETA 141.8s - strong: A=0 B=0 weak: A=0 B=0
[SWEEP] 14790/24582 (60.2%) - elapsed 208.1s - ETA 137.8s - strong: A=0 B=0 weak: A=0 B=0
[SWEEP] 14960/24582 (60.9%) - elapsed 208.2s - ETA 133.9s - strong: A=0 B=0 weak: A=0 B=0
[SWEEP] 15130/24582 (61.5%) - elapsed 208.3s - ETA 130.1s - strong: A=0 B=0 weak: A=0 B=0
[SWEEP] 15300/24582 (62.2%) - elapsed 208.4s - ETA 126.4s - strong: A=0 B=0 weak: A=0 B=0
[SWEEP] 15470/24582 (62.9%) - elapsed 208.7s - ETA 122.9s - strong: A=0 B=0 weak: A=0 B=0
[SWEEP] 15640/24582 (63.6%) - elapsed 208.7s - ETA 119.3s - strong: A=0 B=0 weak: A=0 B=0
[SWEEP] 15810/24582 (64.3%) - elapsed 208.7s - ETA 115.8s - strong: A=0 B=0 weak: A=0 B=0
[SWEEP] 15980/24582 (65.0%) - elapsed 208.8s - ETA 112.4s - strong: A=0 B=0 weak: A=0 B=0
[SWEEP] 16150/24582 (65.7%) - elapsed 208.9s - ETA 109.1s - strong: A=0 B=0 weak: A=0 B=0
[SWEEP] 16320/24582 (66.4%) - elapsed 209.1s - ETA 105.8s - strong: A=0 B=0 weak: A=0 B=0
[SWEEP] 16490/24582 (67.1%) - elapsed 234.0s - ETA 114.8s - strong: A=0 B=0 weak: A=0 B=0
[SWEEP] 16660/24582 (67.8%) - elapsed 234.2s - ETA 111.3s - strong: A=0 B=0 weak: A=0 B=0
[SWEEP] 16830/24582 (68.5%) - elapsed 234.2s - ETA 107.9s - strong: A=0 B=0 weak: A=0 B=0
[SWEEP] 17000/24582 (69.2%) - elapsed 234.3s - ETA 104.5s - strong: A=0 B=0 weak: A=0 B=0
[SWEEP] 17170/24582 (69.8%) - elapsed 234.3s - ETA 101.1s - strong: A=0 B=0 weak: A=0 B=0
[SWEEP] 17340/24582 (70.5%) - elapsed 234.3s - ETA 97.9s - strong: A=0 B=0 weak: A=0 B=0
[SWEEP] 17510/24582 (71.2%) - elapsed 234.7s - ETA 94.8s - strong: A=0 B=0 weak: A=0 B=0
[SWEEP] 17680/24582 (71.9%) - elapsed 234.7s - ETA 91.6s - strong: A=0 B=0 weak: A=0 B=0
[SWEEP] 17850/24582 (72.6%) - elapsed 234.7s - ETA 88.5s - strong: A=0 B=0 weak: A=0 B=0
[SWEEP] 18020/24582 (73.3%) - elapsed 234.8s - ETA 85.5s - strong: A=0 B=0 weak: A=0 B=0
[SWEEP] 18190/24582 (74.0%) - elapsed 234.9s - ETA 82.6s - strong: A=0 B=0 weak: A=0 B=0
[SWEEP] 18360/24582 (74.7%) - elapsed 235.1s - ETA 79.7s - strong: A=0 B=0 weak: A=0 B=0
[SWEEP] 18530/24582 (75.4%) - elapsed 259.9s - ETA 84.9s - strong: A=0 B=0 weak: A=0 B=0
[SWEEP] 18700/24582 (76.1%) - elapsed 260.2s - ETA 81.8s - strong: A=0 B=0 weak: A=0 B=0
[SWEEP] 18870/24582 (76.8%) - elapsed 260.2s - ETA 78.8s - strong: A=0 B=0 weak: A=0 B=0
[SWEEP] 19040/24582 (77.5%) - elapsed 260.3s - ETA 75.8s - strong: A=0 B=0 weak: A=0 B=0
[SWEEP] 19210/24582 (78.1%) - elapsed 260.3s - ETA 72.8s - strong: A=0 B=0 weak: A=0 B=0
[SWEEP] 19380/24582 (78.8%) - elapsed 260.3s - ETA 69.9s - strong: A=0 B=0 weak: A=0 B=0
[SWEEP] 19550/24582 (79.5%) - elapsed 260.7s - ETA 67.1s - strong: A=0 B=0 weak: A=0 B=0
[SWEEP] 19720/24582 (80.2%) - elapsed 260.8s - ETA 64.3s - strong: A=0 B=0 weak: A=0 B=0
[SWEEP] 19890/24582 (80.9%) - elapsed 260.8s - ETA 61.5s - strong: A=0 B=0 weak: A=0 B=0
[SWEEP] 20060/24582 (81.6%) - elapsed 260.9s - ETA 58.8s - strong: A=0 B=0 weak: A=0 B=0
[SWEEP] 20230/24582 (82.3%) - elapsed 261.0s - ETA 56.1s - strong: A=0 B=0 weak: A=0 B=0
[SWEEP] 20400/24582 (83.0%) - elapsed 261.1s - ETA 53.5s - strong: A=0 B=0 weak: A=0 B=0
[SWEEP] 20570/24582 (83.7%) - elapsed 285.8s - ETA 55.7s - strong: A=0 B=0 weak: A=0 B=0
[SWEEP] 20740/24582 (84.4%) - elapsed 286.1s - ETA 53.0s - strong: A=0 B=0 weak: A=0 B=0
[SWEEP] 20910/24582 (85.1%) - elapsed 286.3s - ETA 50.3s - strong: A=0 B=0 weak: A=0 B=0
[SWEEP] 21080/24582 (85.8%) - elapsed 286.3s - ETA 47.6s - strong: A=0 B=0 weak: A=0 B=0
[SWEEP] 21250/24582 (86.4%) - elapsed 286.3s - ETA 44.9s - strong: A=0 B=0 weak: A=0 B=0
[SWEEP] 21420/24582 (87.1%) - elapsed 286.4s - ETA 42.3s - strong: A=0 B=0 weak: A=0 B=0
[SWEEP] 21590/24582 (87.8%) - elapsed 286.8s - ETA 39.7s - strong: A=0 B=0 weak: A=0 B=0
[SWEEP] 21760/24582 (88.5%) - elapsed 286.8s - ETA 37.2s - strong: A=0 B=0 weak: A=0 B=0
[SWEEP] 21930/24582 (89.2%) - elapsed 286.9s - ETA 34.7s - strong: A=0 B=0 weak: A=0 B=0
[SWEEP] 22100/24582 (89.9%) - elapsed 286.9s - ETA 32.2s - strong: A=0 B=0 weak: A=0 B=0
[SWEEP] 22270/24582 (90.6%) - elapsed 287.1s - ETA 29.8s - strong: A=0 B=0 weak: A=0 B=0
[SWEEP] 22440/24582 (91.3%) - elapsed 287.2s - ETA 27.4s - strong: A=0 B=0 weak: A=0 B=0
[SWEEP] 22610/24582 (92.0%) - elapsed 311.8s - ETA 27.2s - strong: A=0 B=0 weak: A=0 B=0
[SWEEP] 22780/24582 (92.7%) - elapsed 312.0s - ETA 24.7s - strong: A=0 B=0 weak: A=0 B=0
[SWEEP] 22950/24582 (93.4%) - elapsed 312.3s - ETA 22.2s - strong: A=0 B=0 weak: A=0 B=0
[SWEEP] 23120/24582 (94.1%) - elapsed 312.3s - ETA 19.8s - strong: A=0 B=0 weak: A=0 B=0
[SWEEP] 23290/24582 (94.7%) - elapsed 312.3s - ETA 17.3s - strong: A=0 B=0 weak: A=0 B=0
[SWEEP] 23460/24582 (95.4%) - elapsed 312.4s - ETA 14.9s - strong: A=0 B=0 weak: A=0 B=0
[SWEEP] 23630/24582 (96.1%) - elapsed 312.6s - ETA 12.6s - strong: A=0 B=0 weak: A=0 B=0
[SWEEP] 23800/24582 (96.8%) - elapsed 312.7s - ETA 10.3s - strong: A=0 B=0 weak: A=0 B=0
[SWEEP] 23970/24582 (97.5%) - elapsed 312.8s - ETA 8.0s - strong: A=0 B=0 weak: A=0 B=0
[SWEEP] 24140/24582 (98.2%) - elapsed 312.8s - ETA 5.7s - strong: A=0 B=0 weak: A=0 B=0
[SWEEP] 24310/24582 (98.9%) - elapsed 312.8s - ETA 3.5s - strong: A=0 B=0 weak: A=0 B=0
[SWEEP] 24480/24582 (99.6%) - elapsed 312.8s - ETA 1.3s - strong: A=0 B=0 weak: A=0 B=0
[SWEEP] 24582/24582 (100.0%) - elapsed 320.0s - ETA 0.0s - strong: A=0 B=0 weak: A=0 B=0
[SWEEP] 24582/24582 (100.0%) - elapsed 320.0s - ETA 0.0s - strong: A=0 B=0 weak: A=0 B=0
[SWEEP] DONE: 24582/24582 in 320.0s (76.8 entries/s)
Wrote /home/aishwarya/3bp/experiments/orbit_verification/08_hristov_2024_sweep/sweep_results.json.
Wrote /home/aishwarya/3bp/experiments/orbit_verification/08_hristov_2024_sweep/RESULT.md.
  Orbit A: strong=0, weak=0, min dv seen = 6.209e-01
  Orbit B: strong=0, weak=0, min dv seen = 6.018e-01
